// Jest Snapshot v1, https://goo.gl/fbAQLP

exports[`<App /> mount rendering matches the snapshot 1`] = `
<div
  className="App"
>
  <header
    className="App-header"
  >
    <img
      alt="logo"
      className="App-logo"
      src="logo.svg"
    />
    <h1>
      React
    </h1>
    <Title
      text="Hello"
    />
    <p>
      Edit 
      <code>
        src/App.js
      </code>
       and save to reload.
    </p>
    <a
      className="App-link"
      href="https://reactjs.org"
      rel="noopener noreferrer"
      target="_blank"
    >
      Learn React
    </a>
    <ul
      className="test"
    >
      <li>
        One
      </li>
      <li>
        Two
      </li>
      <li>
        Three
      </li>
    </ul>
    <p
      className="button-state"
    >
      No!
    </p>
    <button
      onClick={[Function]}
    >
      Click
    </button>
    <h2 />
    <input
      onChange={[Function]}
      type="text"
    />
    <h3
      className="blue"
    >
      Yo
    </h3>
    <p
      className="lifeCycle"
    >
      componentDidMount
    </p>
  </header>
  <Test />
</div>
`;

exports[`<App /> shallow rendering matches the snapshot 1`] = `
<div
  className="App"
>
  <header
    className="App-header"
  >
    <img
      alt="logo"
      className="App-logo"
      src="logo.svg"
    />
    <h1>
      React
    </h1>
    <Title
      text="Hello"
    />
    <p>
      Edit 
      <code>
        src/App.js
      </code>
       and save to reload.
    </p>
    <a
      className="App-link"
      href="https://reactjs.org"
      rel="noopener noreferrer"
      target="_blank"
    >
      Learn React
    </a>
    <ul
      className="test"
    >
      <li>
        One
      </li>
      <li>
        Two
      </li>
      <li>
        Three
      </li>
    </ul>
    <p
      className="button-state"
    >
      No!
    </p>
    <button
      onClick={[Function]}
    >
      Click
    </button>
    <h2 />
    <input
      onChange={[Function]}
      type="text"
    />
    <h3
      className="blue"
    >
      Yo
    </h3>
    <p
      className="lifeCycle"
    >
      componentDidMount
    </p>
  </header>
  <Test />
</div>
`;
